// Jest Snapshot v1, https://goo.gl/fbAQLP

exports[`should check snapshot should check snapshot 1`] = `ShallowWrapper {}`;
