// Jest Snapshot v1, https://goo.gl/fbAQLP

exports[`snapshot should do snapshot test 1`] = `ShallowWrapper {}`;
