// Jest Snapshot v1, https://goo.gl/fbAQLP

exports[`snapshot of GiftList should do a snapshot test 1`] = `ShallowWrapper {}`;
