// Jest Snapshot v1, https://goo.gl/fbAQLP

exports[`snapshot of Giftshow captures and tests snapshot 1`] = `ShallowWrapper {}`;
