// Jest Snapshot v1, https://goo.gl/fbAQLP

exports[`check the snapshot should match snapshot 1`] = `ShallowWrapper {}`;
