// Jest Snapshot v1, https://goo.gl/fbAQLP

exports[`test actions should call post and resolve 1`] = `Array []`;
